2026-09-20 15:50:26 | INFO | EDA-NB | === RUN START ===
2026-09-20 15:50:26 | INFO | EDA-NB | project=EDA-NB
2026-09-20 15:50:26 | INFO | EDA-NB | repo_dir=datafun-04-eda
2026-09-20 15:50:26 | INFO | EDA-NB | python=3.12.10
2026-09-20 15:50:26 | INFO | EDA-NB | os=Windows 11
2026-09-20 15:50:26 | INFO | EDA-NB | shell=powershell
2026-09-20 15:50:26 | INFO | EDA-NB | cwd=notebooks
2026-09-20 15:50:26 | INFO | EDA-NB | github_actions=False
2026-09-20 15:50:26 | INFO | EDA-NB | Imports and configuration complete.
2026-09-20 15:50:26 | INFO | EDA-NB | Loading dataset: penguins
2026-09-20 15:50:26 | INFO | EDA-NB | Loaded: 344 rows, 7 columns
2026-09-20 15:50:26 | INFO | EDA-NB |   species     island  bill_length_mm  bill_depth_mm  flipper_length_mm  body_mass_g     sex
0  Adelie  Torgersen            39.1           18.7              181.0       3750.0    Male
1  Adelie  Torgersen            39.5           17.4              186.0       3800.0  Female
2  Adelie  Torgersen            40.3           18.0              195.0       3250.0  Female
3  Adelie  Torgersen             NaN            NaN                NaN          NaN     NaN
4  Adelie  Torgersen            36.7           19.3              193.0       3450.0  Female
2026-09-20 15:50:26 | INFO | EDA-NB | Dataset shape: 344 rows, 7 columns
2026-09-20 15:50:26 | INFO | EDA-NB | Columns: ['species', 'island', 'bill_length_mm', 'bill_depth_mm', 'flipper_length_mm', 'body_mass_g', 'sex']
2026-09-20 15:50:26 | INFO | EDA-NB | Data dictionary:
              column    dtype  missing_count  missing_pct  unique_count
0            species      str              0         0.00             3
1             island      str              0         0.00             3
2     bill_length_mm  float64              2         0.58           164
3      bill_depth_mm  float64              2         0.58            80
4  flipper_length_mm  float64              2         0.58            55
5        body_mass_g  float64              2         0.58            94
6                sex      str             11         3.20             2
2026-09-20 15:50:26 | INFO | EDA-NB | Duplicate rows detected: 0
2026-09-20 15:50:28 | INFO | EDA-NB | Numeric summary:
                   count         mean         std     min       25%      50%     75%     max
bill_length_mm     342.0    43.921930    5.459584    32.1    39.225    44.45    48.5    59.6
bill_depth_mm      342.0    17.151170    1.974793    13.1    15.600    17.30    18.7    21.5
flipper_length_mm  342.0   200.915205   14.061714   172.0   190.000   197.00   213.0   231.0
body_mass_g        342.0  4201.754386  801.954536  2700.0  3550.000  4050.00  4750.0  6300.0
2026-09-20 15:50:28 | INFO | EDA-NB | Correlation between flipper_length_mm and body_mass_g: 0.871
